Run First Docker Command
$ docker run hello-world
$ docker ps (permission denied)
It doesn’t work in AWS:
A docker group has been created $ cat/etc/group
$ sudo usermod -aG docker $USER
$cat /etc/group
$ docker ps (permission denied)
$ sudo reboot
$ docker run hello-world
Run in terminal:
$ docker run bongodev-hello-app

4. How Docker Works (Step-by-Step Flow)
You write a Dockerfile (instructions to build an app).
Build an image:
$ docker build -t myapp .

Run a container from the image:
$ docker run -d -p 8080:80 myapp
-----------------------------------------------------------------------------
-----------------------------------------------------------------------------

.Docker & Container Cheatsheet


1 . Command Description >>>>>>>>>>>>>>>>>>>>>>>>>>>>>>>>>>>>>>>>>>>>>>>>>>>>>>


docker run <image> Run a container from an image

docker start <container> Start a stopped container

docker stop <container> Stop a running container

docker restart <container> Restart a container

docker pause <container> Pause a running container

docker unpause <container> Unpause a container

docker kill <container> Force-stop a container

docker rm <container> Remove a stopped container

docker rm -f <container> Force-remove a running container

Container Management

Command Description

docker ps List running containers

docker ps -a List all containers (including stopped)

docker logs <container> Show container logs

docker logs -f <container> Follow logs in real-time

docker exec -it <container> <command> Run a command inside a running

container

docker attach <container> Attach to a running container

docker inspect <container> Show detailed container info

docker top <container> Show running processes in a container

docker stats Show live container resource usage



2. Image Management >>>>>>>>>>>>>>>>>>>>>>>>>>>>>>>>>>>>>>>>>>>>>>>>>>>>>>


Command Description

docker images List all images

docker pull <image> Download an image from a

registry

docker push <image> Upload an image to a registry

docker build -t <name> . Build an image from a Dockerfile

docker rmi <image> Remove an image

docker history <image> Show image layers

docker save <image> > file.tar Save an image to a tar file

docker load < file.tar Load an image from a tar file

3. Networking  >>>>>>>>>>>>>>>>>>>>>>>>>>>>>>>>>>>>>>>>>>>>>>>>>>>>>>

Command Description

docker network ls List all networks

docker network inspect <network> Inspect a network

docker network create <name> Create a new network

docker network connect <network>
<container>

Connect a container to a
network

docker network disconnect <network>
<container>

Disconnect a container

Port Mapping
$ docker run -p <host_port>:<container_port> <image> # Map host port to container
port

4. Volumes & Storage >>>>>>>>>>>>>>>>>>>>>>>>>>>>>>>>>>>>>>>>>>>>>>>>>>>>>>


Command Description

docker volume ls List all volumes

docker volume create <name> Create a volume

docker volume inspect <name> Inspect a volume

docker volume rm <name> Remove a
volume

Mounting Volumes
$ docker run -v <host_path>:<container_path> <image> # Bind mount
$ docker run -v <volume_name>:<container_path> <image> # Named volume



5. Docker Compose >>>>>>>>>>>>>>>>>>>>>>>>>>>>>>>>>>>>>>>>>>>>>>>>>>>>>>

Command Description

docker-compose up Start services defined in docker-compose.yml

docker-compose up -d Start in detached mode

docker-compose down Stop and remove containers, networks, and

volumes

docker-compose ps List running services

docker-compose logs Show logs for services

docker-compose build Rebuild images



6. Dockerfile Cheatsheet >>>>>>>>>>>>>>>>>>>>>>>>>>>>>>>>>>>>>>>>>>>>>>>>>>>>>>

Common Instructions
dockerfile
FROM <image> # Base image
RUN <command> # Execute a command during build
COPY <src> <dest> # Copy files from host to container
ADD <src> <dest> # Copy + extract archives
WORKDIR <path> # Set working directory
ENV <key>=<value> # Set environment variables
EXPOSE <port> # Declare exposed ports
CMD ["executable"] # Default command to run
ENTRYPOINT ["executable"] # Configure a container to run as an executable


7. Tips & Tricks >>>>>>>>>>>>>>>>>>>>>>>>>>>>>>>>>>>>>>>>>>>>>>>>>>>>>>


● docker system prune → Remove unused containers, networks, and images.
● docker exec -it <container> sh → Open an interactive shell in a container.
● docker cp <container>:<path> <host_path> → Copy files from container to
host.
● Use --name to assign a custom name to a container.
● Use --restart=always to auto-restart containers on failure.